// Bun Snapshot v1, https://goo.gl/fbAQLP

exports[`Day 03 > Gear returns valid gears and their numbers 1`] = `
[
  {
    "gear": {
      "numbers": [
        {
          "length": 3,
          "value": 467,
          "x": 0,
          "y": 0,
        },
        {
          "length": 2,
          "value": 35,
          "x": 2,
          "y": 2,
        },
      ],
      "value": "*",
      "x": 3,
      "y": 1,
    },
    "gearRatio": 16345,
  },
  {
    "gear": {
      "numbers": [
        {
          "length": 3,
          "value": 755,
          "x": 6,
          "y": 7,
        },
        {
          "length": 3,
          "value": 598,
          "x": 5,
          "y": 9,
        },
      ],
      "value": "*",
      "x": 5,
      "y": 8,
    },
    "gearRatio": 451490,
  },
]
`;
